// Jest Snapshot v1, https://goo.gl/fbAQLP

exports[`Gist should match snapshot 1`] = `
<DocumentFragment>
  <div
    class="sc-aXZVg iEJzdC"
  >
    <span
      class="octicon octicon-code"
    />
    <span
      class="sc-eqUAAy cYzGHt"
    >
      Files
    </span>
  </div>
</DocumentFragment>
`;
